
> Configure project :app
WARNING: The option setting 'android.overridePathCheck=true' is experimental.
The current default is 'false'.
WARNING: Using flatDir should be avoided because it doesn't support any meta-data formats.

> Configure project :capacitor-cordova-android-plugins
WARNING: Using flatDir should be avoided because it doesn't support any meta-data formats.

> Task :app:preBuild UP-TO-DATE
> Task :app:preDebugBuild UP-TO-DATE
> Task :app:mergeDebugNativeDebugMetadata NO-SOURCE
> Task :app:javaPreCompileDebug UP-TO-DATE
> Task :capacitor-android:preBuild UP-TO-DATE
> Task :capacitor-android:preDebugBuild UP-TO-DATE
> Task :capacitor-android:writeDebugAarMetadata UP-TO-DATE
> Task :capacitor-app:preBuild UP-TO-DATE
> Task :capacitor-app:preDebugBuild UP-TO-DATE
> Task :capacitor-app:writeDebugAarMetadata UP-TO-DATE
> Task :capacitor-community-sqlite:preBuild UP-TO-DATE
> Task :capacitor-community-sqlite:preDebugBuild UP-TO-DATE
> Task :capacitor-community-sqlite:writeDebugAarMetadata UP-TO-DATE
> Task :capacitor-cordova-android-plugins:preBuild UP-TO-DATE
> Task :capacitor-cordova-android-plugins:preDebugBuild UP-TO-DATE
> Task :capacitor-cordova-android-plugins:writeDebugAarMetadata UP-TO-DATE
> Task :capacitor-filesystem:preBuild UP-TO-DATE
> Task :capacitor-filesystem:preDebugBuild UP-TO-DATE
> Task :capacitor-filesystem:writeDebugAarMetadata UP-TO-DATE
> Task :capacitor-keyboard:preBuild UP-TO-DATE
> Task :capacitor-keyboard:preDebugBuild UP-TO-DATE
> Task :capacitor-keyboard:writeDebugAarMetadata UP-TO-DATE
> Task :app:checkDebugAarMetadata UP-TO-DATE
> Task :capacitor-android:processDebugNavigationResources UP-TO-DATE
> Task :capacitor-app:processDebugNavigationResources UP-TO-DATE
> Task :capacitor-community-sqlite:processDebugNavigationResources UP-TO-DATE
> Task :capacitor-cordova-android-plugins:processDebugNavigationResources UP-TO-DATE
> Task :capacitor-filesystem:processDebugNavigationResources UP-TO-DATE
> Task :capacitor-keyboard:processDebugNavigationResources UP-TO-DATE
> Task :app:processDebugNavigationResources UP-TO-DATE
> Task :app:compileDebugNavigationResources UP-TO-DATE
> Task :app:generateDebugResValues UP-TO-DATE
> Task :capacitor-android:generateDebugResValues UP-TO-DATE
> Task :capacitor-android:generateDebugResources UP-TO-DATE
> Task :capacitor-android:packageDebugResources UP-TO-DATE
> Task :capacitor-app:generateDebugResValues UP-TO-DATE
> Task :capacitor-app:generateDebugResources UP-TO-DATE
> Task :capacitor-app:packageDebugResources UP-TO-DATE
> Task :capacitor-community-sqlite:generateDebugResValues UP-TO-DATE
> Task :capacitor-community-sqlite:generateDebugResources UP-TO-DATE
> Task :capacitor-community-sqlite:packageDebugResources UP-TO-DATE
> Task :capacitor-cordova-android-plugins:generateDebugResValues UP-TO-DATE
> Task :capacitor-cordova-android-plugins:generateDebugResources UP-TO-DATE
> Task :capacitor-cordova-android-plugins:packageDebugResources UP-TO-DATE
> Task :capacitor-filesystem:generateDebugResValues UP-TO-DATE
> Task :capacitor-filesystem:generateDebugResources UP-TO-DATE
> Task :capacitor-filesystem:packageDebugResources UP-TO-DATE
> Task :capacitor-keyboard:generateDebugResValues UP-TO-DATE
> Task :capacitor-keyboard:generateDebugResources UP-TO-DATE
> Task :capacitor-keyboard:packageDebugResources UP-TO-DATE
> Task :app:mapDebugSourceSetPaths UP-TO-DATE
> Task :app:generateDebugResources UP-TO-DATE
> Task :app:mergeDebugResources UP-TO-DATE
> Task :app:packageDebugResources UP-TO-DATE
> Task :app:parseDebugLocalResources UP-TO-DATE
> Task :app:createDebugCompatibleScreenManifests UP-TO-DATE
> Task :app:extractDeepLinksDebug UP-TO-DATE
> Task :capacitor-android:extractDeepLinksDebug UP-TO-DATE
> Task :capacitor-android:processDebugManifest UP-TO-DATE
> Task :capacitor-app:extractDeepLinksDebug UP-TO-DATE
> Task :capacitor-app:processDebugManifest UP-TO-DATE
> Task :capacitor-community-sqlite:extractDeepLinksDebug UP-TO-DATE
> Task :capacitor-community-sqlite:processDebugManifest UP-TO-DATE
> Task :capacitor-cordova-android-plugins:extractDeepLinksDebug UP-TO-DATE
> Task :capacitor-cordova-android-plugins:processDebugManifest UP-TO-DATE
> Task :capacitor-filesystem:extractDeepLinksDebug UP-TO-DATE
> Task :capacitor-filesystem:processDebugManifest UP-TO-DATE
> Task :capacitor-keyboard:extractDeepLinksDebug UP-TO-DATE
> Task :capacitor-keyboard:processDebugManifest UP-TO-DATE
> Task :app:processDebugMainManifest UP-TO-DATE
> Task :app:processDebugManifest UP-TO-DATE
> Task :app:processDebugManifestForPackage UP-TO-DATE
> Task :capacitor-android:compileDebugLibraryResources UP-TO-DATE
> Task :capacitor-android:parseDebugLocalResources UP-TO-DATE
> Task :capacitor-android:generateDebugRFile UP-TO-DATE
> Task :capacitor-app:compileDebugLibraryResources UP-TO-DATE
> Task :capacitor-app:parseDebugLocalResources UP-TO-DATE
> Task :capacitor-app:generateDebugRFile UP-TO-DATE
> Task :capacitor-community-sqlite:compileDebugLibraryResources UP-TO-DATE
> Task :capacitor-community-sqlite:parseDebugLocalResources UP-TO-DATE
> Task :capacitor-community-sqlite:generateDebugRFile UP-TO-DATE
> Task :capacitor-cordova-android-plugins:compileDebugLibraryResources UP-TO-DATE
> Task :capacitor-cordova-android-plugins:parseDebugLocalResources UP-TO-DATE
> Task :capacitor-cordova-android-plugins:generateDebugRFile UP-TO-DATE
> Task :capacitor-filesystem:compileDebugLibraryResources UP-TO-DATE
> Task :capacitor-filesystem:parseDebugLocalResources UP-TO-DATE
> Task :capacitor-filesystem:generateDebugRFile UP-TO-DATE
> Task :capacitor-keyboard:compileDebugLibraryResources UP-TO-DATE
> Task :capacitor-keyboard:parseDebugLocalResources UP-TO-DATE
> Task :capacitor-keyboard:generateDebugRFile UP-TO-DATE
> Task :app:processDebugResources UP-TO-DATE
> Task :capacitor-android:javaPreCompileDebug UP-TO-DATE
> Task :capacitor-android:compileDebugJavaWithJavac UP-TO-DATE
> Task :capacitor-android:bundleLibCompileToJarDebug UP-TO-DATE
> Task :capacitor-app:javaPreCompileDebug UP-TO-DATE
> Task :capacitor-app:compileDebugJavaWithJavac UP-TO-DATE
> Task :capacitor-app:bundleLibCompileToJarDebug UP-TO-DATE
> Task :capacitor-community-sqlite:javaPreCompileDebug UP-TO-DATE
> Task :capacitor-community-sqlite:compileDebugJavaWithJavac UP-TO-DATE
> Task :capacitor-community-sqlite:bundleLibCompileToJarDebug UP-TO-DATE
> Task :capacitor-cordova-android-plugins:javaPreCompileDebug UP-TO-DATE
> Task :capacitor-cordova-android-plugins:compileDebugJavaWithJavac NO-SOURCE
> Task :capacitor-cordova-android-plugins:bundleLibCompileToJarDebug UP-TO-DATE
> Task :capacitor-filesystem:checkKotlinGradlePluginConfigurationErrors
> Task :capacitor-filesystem:compileDebugKotlin UP-TO-DATE
> Task :capacitor-filesystem:javaPreCompileDebug UP-TO-DATE
> Task :capacitor-filesystem:compileDebugJavaWithJavac NO-SOURCE
> Task :capacitor-filesystem:bundleLibCompileToJarDebug UP-TO-DATE
> Task :capacitor-keyboard:javaPreCompileDebug UP-TO-DATE
> Task :capacitor-keyboard:compileDebugJavaWithJavac UP-TO-DATE
> Task :capacitor-keyboard:bundleLibCompileToJarDebug UP-TO-DATE

> Task :app:compileDebugJavaWithJavac FAILED

.\gradlew.bat : D:\finance-manager\app\android\app\src\main\java\app\financemanager\local\MainActivity.java:83: 错误: Mai
nActivity中的onResume()无法覆盖BridgeActivity中的onResume()
At line:15 char:4505
+ ... VA_HOME\bin;$env:Path"; .\gradlew.bat :app:assembleDebug 2>&1 | Out-F ...
+                             ~~~~~~~~~~~~~~~~~~~~~~~~~~~~~~~~~~~~~
    + CategoryInfo          : NotSpecified: (D:\finance-mana...ity中的onResume():String) [], RemoteException
    + FullyQualifiedErrorId : NativeCommandError
 
[Incubating] Problems report is available at: file:///D:/finance-manager/app/android/build/reports/problems/problems-report.html

Deprecated Gradle features were used in this build, making it incompatible with Gradle 9.0.

You can use '--warning-mode all' to show the individual deprecation warnings and determine if they come from your own scripts or plugins.

For more on this, please refer to https://docs.gradle.org/8.14.3/userguide/command_line_interface.html#sec:command_line_warnings in the Gradle documentation.
95 actionable tasks: 2 executed, 93 up-to-date
    protected void onResume() {
                   ^
  正在尝试分配更低的访问权限; 以前为public
D:\finance-manager\app\android\app\src\main\java\app\financemanager\local\MainActivity.java:92: 错误: MainActivity中的onPau
se()无法覆盖BridgeActivity中的onPause()
    protected void onPause() {
                   ^
  正在尝试分配更低的访问权限; 以前为public
2 个错误

FAILURE: Build failed with an exception.

* What went wrong:
Execution failed for task ':app:compileDebugJavaWithJavac'.
> Compilation failed; see the compiler output below.
  D:\finance-manager\app\android\app\src\main\java\app\financemanager\local\MainActivity.java:83: 错误: MainActivity中的onR
esume()无法覆盖BridgeActivity中的onResume()
      protected void onResume() {
                     ^
    正在尝试分配更低的访问权限; 以前为public
  D:\finance-manager\app\android\app\src\main\java\app\financemanager\local\MainActivity.java:92: 错误: MainActivity中的onP
ause()无法覆盖BridgeActivity中的onPause()
      protected void onPause() {
                     ^
    正在尝试分配更低的访问权限; 以前为public
  2 个错误

* Try:
> Check your code and dependencies to fix the compilation error(s)
> Run with --scan to get full insights.

BUILD FAILED in 2s
